tests/pkl_eval/fiat/cinquecento.yaml
tests/pkl_eval/fiat/panda.yaml
