tests/pkl_eval/cars/fiat.yaml
tests/pkl_eval/vans/ford.json
